// Jest Snapshot v1, https://goo.gl/fbAQLP

exports[`Should render MarkdownBlog correctly with no props 1`] = `<DocumentFragment />`;

exports[`Should render MarkdownBlog correctly with props 1`] = `
<DocumentFragment>
  content
</DocumentFragment>
`;
