// Jest Snapshot v1, https://goo.gl/fbAQLP

exports[`Should render ModalPreview component correctly 1`] = `
<DocumentFragment>
  <button
    data-testid="close_button"
  >
    X
  </button>
  BlogPage
</DocumentFragment>
`;
