// Jest Snapshot v1, https://goo.gl/fbAQLP

exports[`Should render not found component correctly 1`] = `
<DocumentFragment>
  <div
    data-testid="404-message"
  >
    404 - Not Found 
    <a
      href="/"
    >
      Go Home
    </a>
  </div>
</DocumentFragment>
`;
